@polkadot/util has multiple versions, ensure that there is only one installed.
Either remove and explicitly install matching versions or dedupe using your package manager.
The following conflicting packages were found:
	esm 12.6.2	node_modules/@polkadot/util/
	esm 13.5.9	node_modules/@polkadot/api/node_modules/@polkadot/util/
@polkadot/util has multiple versions, ensure that there is only one installed.
Either remove and explicitly install matching versions or dedupe using your package manager.
The following conflicting packages were found:
	esm 12.6.2	node_modules/@polkadot/util/
	esm 13.5.9	node_modules/@polkadot/api/node_modules/@polkadot/util/
	esm 13.5.9	node_modules/@polkadot/rpc-augment/node_modules/@polkadot/util/
@polkadot/keyring has multiple versions, ensure that there is only one installed.
Either remove and explicitly install matching versions or dedupe using your package manager.
The following conflicting packages were found:
	esm 12.6.2	node_modules/@polkadot/keyring/
	esm 13.5.9	node_modules/@polkadot/api/node_modules/@polkadot/keyring/
@polkadot/util-crypto has multiple versions, ensure that there is only one installed.
Either remove and explicitly install matching versions or dedupe using your package manager.
The following conflicting packages were found:
	esm 12.6.2	node_modules/@polkadot/util-crypto/
	esm 13.5.9	node_modules/@polkadot/api/node_modules/@polkadot/util-crypto/
@polkadot/util has multiple versions, ensure that there is only one installed.
Either remove and explicitly install matching versions or dedupe using your package manager.
The following conflicting packages were found:
	esm 12.6.2	node_modules/@polkadot/util/
	esm 13.5.9	node_modules/@polkadot/api/node_modules/@polkadot/util/
	esm 13.5.9	node_modules/@polkadot/rpc-augment/node_modules/@polkadot/util/
	esm 13.5.9	node_modules/@polkadot/rpc-provider/node_modules/@polkadot/util/
@polkadot/util has multiple versions, ensure that there is only one installed.
Either remove and explicitly install matching versions or dedupe using your package manager.
The following conflicting packages were found:
	esm 12.6.2	node_modules/@polkadot/util/
	esm 13.5.9	node_modules/@polkadot/api/node_modules/@polkadot/util/
	esm 13.5.9	node_modules/@polkadot/rpc-augment/node_modules/@polkadot/util/
	esm 13.5.9	node_modules/@polkadot/rpc-provider/node_modules/@polkadot/util/
	esm 13.5.9	node_modules/@polkadot/api-derive/node_modules/@polkadot/util/
@polkadot/util has multiple versions, ensure that there is only one installed.
Either remove and explicitly install matching versions or dedupe using your package manager.
The following conflicting packages were found:
	esm 12.6.2	node_modules/@polkadot/util/
	esm 13.5.9	node_modules/@polkadot/api/node_modules/@polkadot/util/
	esm 13.5.9	node_modules/@polkadot/rpc-augment/node_modules/@polkadot/util/
	esm 13.5.9	node_modules/@polkadot/rpc-provider/node_modules/@polkadot/util/
	esm 13.5.9	node_modules/@polkadot/api-derive/node_modules/@polkadot/util/
	esm 13.5.9	node_modules/@polkadot/rpc-core/node_modules/@polkadot/util/
@polkadot/util has multiple versions, ensure that there is only one installed.
Either remove and explicitly install matching versions or dedupe using your package manager.
The following conflicting packages were found:
	esm 12.6.2	node_modules/@polkadot/util/
	esm 13.5.9	node_modules/@polkadot/api/node_modules/@polkadot/util/
	esm 13.5.9	node_modules/@polkadot/rpc-augment/node_modules/@polkadot/util/
	esm 13.5.9	node_modules/@polkadot/rpc-provider/node_modules/@polkadot/util/
	esm 13.5.9	node_modules/@polkadot/api-derive/node_modules/@polkadot/util/
	esm 13.5.9	node_modules/@polkadot/rpc-core/node_modules/@polkadot/util/
	esm 13.5.9	node_modules/@polkadot/types/node_modules/@polkadot/util/
@polkadot/util has multiple versions, ensure that there is only one installed.
Either remove and explicitly install matching versions or dedupe using your package manager.
The following conflicting packages were found:
	esm 12.6.2	node_modules/@polkadot/util/
	esm 13.5.9	node_modules/@polkadot/api/node_modules/@polkadot/util/
	esm 13.5.9	node_modules/@polkadot/rpc-augment/node_modules/@polkadot/util/
	esm 13.5.9	node_modules/@polkadot/rpc-provider/node_modules/@polkadot/util/
	esm 13.5.9	node_modules/@polkadot/api-derive/node_modules/@polkadot/util/
	esm 13.5.9	node_modules/@polkadot/rpc-core/node_modules/@polkadot/util/
	esm 13.5.9	node_modules/@polkadot/types/node_modules/@polkadot/util/
	esm 13.5.9	node_modules/@polkadot/types-create/node_modules/@polkadot/util/
@polkadot/util has multiple versions, ensure that there is only one installed.
Either remove and explicitly install matching versions or dedupe using your package manager.
The following conflicting packages were found:
	esm 12.6.2	node_modules/@polkadot/util/
	esm 13.5.9	node_modules/@polkadot/api/node_modules/@polkadot/util/
	esm 13.5.9	node_modules/@polkadot/rpc-augment/node_modules/@polkadot/util/
	esm 13.5.9	node_modules/@polkadot/rpc-provider/node_modules/@polkadot/util/
	esm 13.5.9	node_modules/@polkadot/api-derive/node_modules/@polkadot/util/
	esm 13.5.9	node_modules/@polkadot/rpc-core/node_modules/@polkadot/util/
	esm 13.5.9	node_modules/@polkadot/types/node_modules/@polkadot/util/
	esm 13.5.9	node_modules/@polkadot/types-create/node_modules/@polkadot/util/
	esm 13.5.9	node_modules/@polkadot/types-codec/node_modules/@polkadot/util/
@polkadot/util-crypto has multiple versions, ensure that there is only one installed.
Either remove and explicitly install matching versions or dedupe using your package manager.
The following conflicting packages were found:
	esm 12.6.2	node_modules/@polkadot/util-crypto/
	esm 13.5.9	node_modules/@polkadot/api/node_modules/@polkadot/util-crypto/
	esm 13.5.9	node_modules/@polkadot/types/node_modules/@polkadot/util-crypto/
@polkadot/util-crypto has multiple versions, ensure that there is only one installed.
Either remove and explicitly install matching versions or dedupe using your package manager.
The following conflicting packages were found:
	esm 12.6.2	node_modules/@polkadot/util-crypto/
	esm 13.5.9	node_modules/@polkadot/api/node_modules/@polkadot/util-crypto/
	esm 13.5.9	node_modules/@polkadot/types/node_modules/@polkadot/util-crypto/
	esm 13.5.9	node_modules/@polkadot/api-derive/node_modules/@polkadot/util-crypto/
@polkadot/util has multiple versions, ensure that there is only one installed.
Either remove and explicitly install matching versions or dedupe using your package manager.
The following conflicting packages were found:
	esm 12.6.2	node_modules/@polkadot/util/
	esm 13.5.9	node_modules/@polkadot/api/node_modules/@polkadot/util/
	esm 13.5.9	node_modules/@polkadot/rpc-augment/node_modules/@polkadot/util/
	esm 13.5.9	node_modules/@polkadot/rpc-provider/node_modules/@polkadot/util/
	esm 13.5.9	node_modules/@polkadot/api-derive/node_modules/@polkadot/util/
	esm 13.5.9	node_modules/@polkadot/rpc-core/node_modules/@polkadot/util/
	esm 13.5.9	node_modules/@polkadot/types/node_modules/@polkadot/util/
	esm 13.5.9	node_modules/@polkadot/types-create/node_modules/@polkadot/util/
	esm 13.5.9	node_modules/@polkadot/types-codec/node_modules/@polkadot/util/
	esm 13.5.9	node_modules/@polkadot/types-known/node_modules/@polkadot/util/
(node:1282254) Warning: Setting the NODE_TLS_REJECT_UNAUTHORIZED environment variable to '0' makes TLS connections and HTTPS requests insecure by disabling certificate verification.
(Use `node --trace-warnings ...` to show where the warning was created)
2026-03-13 16:46:05        REGISTRY: Unknown signed extensions WeightReclaim found, treating them as no-effect
2026-03-13 16:46:05        API/INIT: RPC methods not decorated: chainHead_v1_body, chainHead_v1_call, chainHead_v1_continue, chainHead_v1_follow, chainHead_v1_header, chainHead_v1_stopOperation, chainHead_v1_storage, chainHead_v1_unfollow, chainHead_v1_unpin, chainSpec_v1_chainName, chainSpec_v1_genesisHash, chainSpec_v1_properties, offchain_localStorageClear, transactionWatch_v1_submitAndWatch, transactionWatch_v1_unwatch, transaction_v1_broadcast, transaction_v1_stop
2026-03-13 16:46:05        API/INIT: nexus/100: Not decorating unknown runtime apis: 0x2dfcfe1ca20384a8/1, 0x3c2e5e2b51db6dfe/1, 0xccd9de6396c899ca/1, 0xadd50fb6109418ca/1, 0xb98478b655abcc31/1, 0xa087e066c6250113/1, 0xecb84b766bd4252e/1, 0x5992dfbb3766b25c/1, 0xe6ede9b62a34c5d1/1, 0x83ec9bd9d4230ac4/1, 0x8ee413a857a75164/1
2026-03-13 16:46:12             VEC: Unable to decode on index 0 createType(ExtrinsicUnknown):: Unsupported unsigned extrinsic version 5
2026-03-13 16:46:12        RPC-CORE: getBlock(hash?: BlockHash): SignedBlock:: createType(SignedBlock):: Struct: failed on block: {"header":"Header","extrinsics":"Vec<Extrinsic>"}:: Struct: failed on extrinsics: Vec<Extrinsic>:: createType(ExtrinsicUnknown):: Unsupported unsigned extrinsic version 5
2026-03-13 16:46:25             VEC: Unable to decode on index 0 createType(ExtrinsicUnknown):: Unsupported unsigned extrinsic version 5
2026-03-13 16:46:25        RPC-CORE: getBlock(hash?: BlockHash): SignedBlock:: createType(SignedBlock):: Struct: failed on block: {"header":"Header","extrinsics":"Vec<Extrinsic>"}:: Struct: failed on extrinsics: Vec<Extrinsic>:: createType(ExtrinsicUnknown):: Unsupported unsigned extrinsic version 5
2026-03-13 16:46:30             VEC: Unable to decode on index 0 createType(ExtrinsicUnknown):: Unsupported unsigned extrinsic version 5
2026-03-13 16:46:30        RPC-CORE: getBlock(hash?: BlockHash): SignedBlock:: createType(SignedBlock):: Struct: failed on block: {"header":"Header","extrinsics":"Vec<Extrinsic>"}:: Struct: failed on extrinsics: Vec<Extrinsic>:: createType(ExtrinsicUnknown):: Unsupported unsigned extrinsic version 5
2026-03-13 16:46:43             VEC: Unable to decode on index 0 createType(ExtrinsicUnknown):: Unsupported unsigned extrinsic version 5
2026-03-13 16:46:43        RPC-CORE: getBlock(hash?: BlockHash): SignedBlock:: createType(SignedBlock):: Struct: failed on block: {"header":"Header","extrinsics":"Vec<Extrinsic>"}:: Struct: failed on extrinsics: Vec<Extrinsic>:: createType(ExtrinsicUnknown):: Unsupported unsigned extrinsic version 5
2026-03-13 16:46:48             VEC: Unable to decode on index 0 createType(ExtrinsicUnknown):: Unsupported unsigned extrinsic version 5
2026-03-13 16:46:48        RPC-CORE: getBlock(hash?: BlockHash): SignedBlock:: createType(SignedBlock):: Struct: failed on block: {"header":"Header","extrinsics":"Vec<Extrinsic>"}:: Struct: failed on extrinsics: Vec<Extrinsic>:: createType(ExtrinsicUnknown):: Unsupported unsigned extrinsic version 5
2026-03-13 16:47:01             VEC: Unable to decode on index 0 createType(ExtrinsicUnknown):: Unsupported unsigned extrinsic version 5
2026-03-13 16:47:01        RPC-CORE: getBlock(hash?: BlockHash): SignedBlock:: createType(SignedBlock):: Struct: failed on block: {"header":"Header","extrinsics":"Vec<Extrinsic>"}:: Struct: failed on extrinsics: Vec<Extrinsic>:: createType(ExtrinsicUnknown):: Unsupported unsigned extrinsic version 5
2026-03-13 16:47:06             VEC: Unable to decode on index 0 createType(ExtrinsicUnknown):: Unsupported unsigned extrinsic version 5
2026-03-13 16:47:06        RPC-CORE: getBlock(hash?: BlockHash): SignedBlock:: createType(SignedBlock):: Struct: failed on block: {"header":"Header","extrinsics":"Vec<Extrinsic>"}:: Struct: failed on extrinsics: Vec<Extrinsic>:: createType(ExtrinsicUnknown):: Unsupported unsigned extrinsic version 5
2026-03-13 16:47:19             VEC: Unable to decode on index 0 createType(ExtrinsicUnknown):: Unsupported unsigned extrinsic version 5
2026-03-13 16:47:19        RPC-CORE: getBlock(hash?: BlockHash): SignedBlock:: createType(SignedBlock):: Struct: failed on block: {"header":"Header","extrinsics":"Vec<Extrinsic>"}:: Struct: failed on extrinsics: Vec<Extrinsic>:: createType(ExtrinsicUnknown):: Unsupported unsigned extrinsic version 5
2026-03-13 16:47:24             VEC: Unable to decode on index 0 createType(ExtrinsicUnknown):: Unsupported unsigned extrinsic version 5
2026-03-13 16:47:24        RPC-CORE: getBlock(hash?: BlockHash): SignedBlock:: createType(SignedBlock):: Struct: failed on block: {"header":"Header","extrinsics":"Vec<Extrinsic>"}:: Struct: failed on extrinsics: Vec<Extrinsic>:: createType(ExtrinsicUnknown):: Unsupported unsigned extrinsic version 5
2026-03-13 16:47:37             VEC: Unable to decode on index 0 createType(ExtrinsicUnknown):: Unsupported unsigned extrinsic version 5
2026-03-13 16:47:37        RPC-CORE: getBlock(hash?: BlockHash): SignedBlock:: createType(SignedBlock):: Struct: failed on block: {"header":"Header","extrinsics":"Vec<Extrinsic>"}:: Struct: failed on extrinsics: Vec<Extrinsic>:: createType(ExtrinsicUnknown):: Unsupported unsigned extrinsic version 5
2026-03-13 16:47:42             VEC: Unable to decode on index 0 createType(ExtrinsicUnknown):: Unsupported unsigned extrinsic version 5
2026-03-13 16:47:42        RPC-CORE: getBlock(hash?: BlockHash): SignedBlock:: createType(SignedBlock):: Struct: failed on block: {"header":"Header","extrinsics":"Vec<Extrinsic>"}:: Struct: failed on extrinsics: Vec<Extrinsic>:: createType(ExtrinsicUnknown):: Unsupported unsigned extrinsic version 5
2026-03-13 16:47:55             VEC: Unable to decode on index 0 createType(ExtrinsicUnknown):: Unsupported unsigned extrinsic version 5
2026-03-13 16:47:55        RPC-CORE: getBlock(hash?: BlockHash): SignedBlock:: createType(SignedBlock):: Struct: failed on block: {"header":"Header","extrinsics":"Vec<Extrinsic>"}:: Struct: failed on extrinsics: Vec<Extrinsic>:: createType(ExtrinsicUnknown):: Unsupported unsigned extrinsic version 5
2026-03-13 16:48:00             VEC: Unable to decode on index 0 createType(ExtrinsicUnknown):: Unsupported unsigned extrinsic version 5
2026-03-13 16:48:00        RPC-CORE: getBlock(hash?: BlockHash): SignedBlock:: createType(SignedBlock):: Struct: failed on block: {"header":"Header","extrinsics":"Vec<Extrinsic>"}:: Struct: failed on extrinsics: Vec<Extrinsic>:: createType(ExtrinsicUnknown):: Unsupported unsigned extrinsic version 5
2026-03-13 16:48:13             VEC: Unable to decode on index 0 createType(ExtrinsicUnknown):: Unsupported unsigned extrinsic version 5
2026-03-13 16:48:13        RPC-CORE: getBlock(hash?: BlockHash): SignedBlock:: createType(SignedBlock):: Struct: failed on block: {"header":"Header","extrinsics":"Vec<Extrinsic>"}:: Struct: failed on extrinsics: Vec<Extrinsic>:: createType(ExtrinsicUnknown):: Unsupported unsigned extrinsic version 5
2026-03-13 16:48:18             VEC: Unable to decode on index 0 createType(ExtrinsicUnknown):: Unsupported unsigned extrinsic version 5
2026-03-13 16:48:18        RPC-CORE: getBlock(hash?: BlockHash): SignedBlock:: createType(SignedBlock):: Struct: failed on block: {"header":"Header","extrinsics":"Vec<Extrinsic>"}:: Struct: failed on extrinsics: Vec<Extrinsic>:: createType(ExtrinsicUnknown):: Unsupported unsigned extrinsic version 5
2026-03-13 16:48:30             VEC: Unable to decode on index 0 createType(ExtrinsicUnknown):: Unsupported unsigned extrinsic version 5
2026-03-13 16:48:30        RPC-CORE: getBlock(hash?: BlockHash): SignedBlock:: createType(SignedBlock):: Struct: failed on block: {"header":"Header","extrinsics":"Vec<Extrinsic>"}:: Struct: failed on extrinsics: Vec<Extrinsic>:: createType(ExtrinsicUnknown):: Unsupported unsigned extrinsic version 5
2026-03-13 16:48:36             VEC: Unable to decode on index 0 createType(ExtrinsicUnknown):: Unsupported unsigned extrinsic version 5
2026-03-13 16:48:36        RPC-CORE: getBlock(hash?: BlockHash): SignedBlock:: createType(SignedBlock):: Struct: failed on block: {"header":"Header","extrinsics":"Vec<Extrinsic>"}:: Struct: failed on extrinsics: Vec<Extrinsic>:: createType(ExtrinsicUnknown):: Unsupported unsigned extrinsic version 5
2026-03-13 16:48:49             VEC: Unable to decode on index 0 createType(ExtrinsicUnknown):: Unsupported unsigned extrinsic version 5
2026-03-13 16:48:49        RPC-CORE: getBlock(hash?: BlockHash): SignedBlock:: createType(SignedBlock):: Struct: failed on block: {"header":"Header","extrinsics":"Vec<Extrinsic>"}:: Struct: failed on extrinsics: Vec<Extrinsic>:: createType(ExtrinsicUnknown):: Unsupported unsigned extrinsic version 5
2026-03-13 16:48:54             VEC: Unable to decode on index 0 createType(ExtrinsicUnknown):: Unsupported unsigned extrinsic version 5
2026-03-13 16:48:54        RPC-CORE: getBlock(hash?: BlockHash): SignedBlock:: createType(SignedBlock):: Struct: failed on block: {"header":"Header","extrinsics":"Vec<Extrinsic>"}:: Struct: failed on extrinsics: Vec<Extrinsic>:: createType(ExtrinsicUnknown):: Unsupported unsigned extrinsic version 5
2026-03-13 16:49:06             VEC: Unable to decode on index 0 createType(ExtrinsicUnknown):: Unsupported unsigned extrinsic version 5
2026-03-13 16:49:06        RPC-CORE: getBlock(hash?: BlockHash): SignedBlock:: createType(SignedBlock):: Struct: failed on block: {"header":"Header","extrinsics":"Vec<Extrinsic>"}:: Struct: failed on extrinsics: Vec<Extrinsic>:: createType(ExtrinsicUnknown):: Unsupported unsigned extrinsic version 5
2026-03-13 16:49:12             VEC: Unable to decode on index 0 createType(ExtrinsicUnknown):: Unsupported unsigned extrinsic version 5
2026-03-13 16:49:12        RPC-CORE: getBlock(hash?: BlockHash): SignedBlock:: createType(SignedBlock):: Struct: failed on block: {"header":"Header","extrinsics":"Vec<Extrinsic>"}:: Struct: failed on extrinsics: Vec<Extrinsic>:: createType(ExtrinsicUnknown):: Unsupported unsigned extrinsic version 5
2026-03-13 16:49:25             VEC: Unable to decode on index 0 createType(ExtrinsicUnknown):: Unsupported unsigned extrinsic version 5
2026-03-13 16:49:25        RPC-CORE: getBlock(hash?: BlockHash): SignedBlock:: createType(SignedBlock):: Struct: failed on block: {"header":"Header","extrinsics":"Vec<Extrinsic>"}:: Struct: failed on extrinsics: Vec<Extrinsic>:: createType(ExtrinsicUnknown):: Unsupported unsigned extrinsic version 5
2026-03-13 16:49:30             VEC: Unable to decode on index 0 createType(ExtrinsicUnknown):: Unsupported unsigned extrinsic version 5
2026-03-13 16:49:30        RPC-CORE: getBlock(hash?: BlockHash): SignedBlock:: createType(SignedBlock):: Struct: failed on block: {"header":"Header","extrinsics":"Vec<Extrinsic>"}:: Struct: failed on extrinsics: Vec<Extrinsic>:: createType(ExtrinsicUnknown):: Unsupported unsigned extrinsic version 5
2026-03-13 16:49:42             VEC: Unable to decode on index 0 createType(ExtrinsicUnknown):: Unsupported unsigned extrinsic version 5
2026-03-13 16:49:42        RPC-CORE: getBlock(hash?: BlockHash): SignedBlock:: createType(SignedBlock):: Struct: failed on block: {"header":"Header","extrinsics":"Vec<Extrinsic>"}:: Struct: failed on extrinsics: Vec<Extrinsic>:: createType(ExtrinsicUnknown):: Unsupported unsigned extrinsic version 5
2026-03-13 16:49:42        REGISTRY: Unable to resolve type CommissionModes, it will fail on construction
2026-03-13 16:49:48             VEC: Unable to decode on index 0 createType(ExtrinsicUnknown):: Unsupported unsigned extrinsic version 5
2026-03-13 16:49:48        RPC-CORE: getBlock(hash?: BlockHash): SignedBlock:: createType(SignedBlock):: Struct: failed on block: {"header":"Header","extrinsics":"Vec<Extrinsic>"}:: Struct: failed on extrinsics: Vec<Extrinsic>:: createType(ExtrinsicUnknown):: Unsupported unsigned extrinsic version 5
2026-03-13 16:50:01             VEC: Unable to decode on index 0 createType(ExtrinsicUnknown):: Unsupported unsigned extrinsic version 5
2026-03-13 16:50:01        RPC-CORE: getBlock(hash?: BlockHash): SignedBlock:: createType(SignedBlock):: Struct: failed on block: {"header":"Header","extrinsics":"Vec<Extrinsic>"}:: Struct: failed on extrinsics: Vec<Extrinsic>:: createType(ExtrinsicUnknown):: Unsupported unsigned extrinsic version 5
2026-03-13 16:50:06             VEC: Unable to decode on index 0 createType(ExtrinsicUnknown):: Unsupported unsigned extrinsic version 5
2026-03-13 16:50:06        RPC-CORE: getBlock(hash?: BlockHash): SignedBlock:: createType(SignedBlock):: Struct: failed on block: {"header":"Header","extrinsics":"Vec<Extrinsic>"}:: Struct: failed on extrinsics: Vec<Extrinsic>:: createType(ExtrinsicUnknown):: Unsupported unsigned extrinsic version 5
2026-03-13 16:50:18             VEC: Unable to decode on index 0 createType(ExtrinsicUnknown):: Unsupported unsigned extrinsic version 5
2026-03-13 16:50:18        RPC-CORE: getBlock(hash?: BlockHash): SignedBlock:: createType(SignedBlock):: Struct: failed on block: {"header":"Header","extrinsics":"Vec<Extrinsic>"}:: Struct: failed on extrinsics: Vec<Extrinsic>:: createType(ExtrinsicUnknown):: Unsupported unsigned extrinsic version 5
