@polkadot/util has multiple versions, ensure that there is only one installed.
Either remove and explicitly install matching versions or dedupe using your package manager.
The following conflicting packages were found:
	esm 13.5.9	node_modules/@polkadot/api/node_modules/@polkadot/util/
	esm 13.5.9	node_modules/@polkadot/rpc-augment/node_modules/@polkadot/util/
@polkadot/util has multiple versions, ensure that there is only one installed.
Either remove and explicitly install matching versions or dedupe using your package manager.
The following conflicting packages were found:
	esm 13.5.9	node_modules/@polkadot/api/node_modules/@polkadot/util/
	esm 13.5.9	node_modules/@polkadot/rpc-augment/node_modules/@polkadot/util/
	esm 13.5.9	node_modules/@polkadot/keyring/node_modules/@polkadot/util/
@polkadot/util has multiple versions, ensure that there is only one installed.
Either remove and explicitly install matching versions or dedupe using your package manager.
The following conflicting packages were found:
	esm 13.5.9	node_modules/@polkadot/api/node_modules/@polkadot/util/
	esm 13.5.9	node_modules/@polkadot/rpc-augment/node_modules/@polkadot/util/
	esm 13.5.9	node_modules/@polkadot/keyring/node_modules/@polkadot/util/
	esm 13.5.9	node_modules/@polkadot/util-crypto/node_modules/@polkadot/util/
@polkadot/util has multiple versions, ensure that there is only one installed.
Either remove and explicitly install matching versions or dedupe using your package manager.
The following conflicting packages were found:
	esm 13.5.9	node_modules/@polkadot/api/node_modules/@polkadot/util/
	esm 13.5.9	node_modules/@polkadot/rpc-augment/node_modules/@polkadot/util/
	esm 13.5.9	node_modules/@polkadot/keyring/node_modules/@polkadot/util/
	esm 13.5.9	node_modules/@polkadot/util-crypto/node_modules/@polkadot/util/
	esm 12.6.2	node_modules/@polkadot/util/
@polkadot/util has multiple versions, ensure that there is only one installed.
Either remove and explicitly install matching versions or dedupe using your package manager.
The following conflicting packages were found:
	esm 13.5.9	node_modules/@polkadot/api/node_modules/@polkadot/util/
	esm 13.5.9	node_modules/@polkadot/rpc-augment/node_modules/@polkadot/util/
	esm 13.5.9	node_modules/@polkadot/keyring/node_modules/@polkadot/util/
	esm 13.5.9	node_modules/@polkadot/util-crypto/node_modules/@polkadot/util/
	esm 12.6.2	node_modules/@polkadot/util/
	esm 13.5.9	node_modules/@polkadot/rpc-provider/node_modules/@polkadot/util/
@polkadot/util has multiple versions, ensure that there is only one installed.
Either remove and explicitly install matching versions or dedupe using your package manager.
The following conflicting packages were found:
	esm 13.5.9	node_modules/@polkadot/api/node_modules/@polkadot/util/
	esm 13.5.9	node_modules/@polkadot/rpc-augment/node_modules/@polkadot/util/
	esm 13.5.9	node_modules/@polkadot/keyring/node_modules/@polkadot/util/
	esm 13.5.9	node_modules/@polkadot/util-crypto/node_modules/@polkadot/util/
	esm 12.6.2	node_modules/@polkadot/util/
	esm 13.5.9	node_modules/@polkadot/rpc-provider/node_modules/@polkadot/util/
	esm 13.5.9	node_modules/@polkadot/api-derive/node_modules/@polkadot/util/
@polkadot/util has multiple versions, ensure that there is only one installed.
Either remove and explicitly install matching versions or dedupe using your package manager.
The following conflicting packages were found:
	esm 13.5.9	node_modules/@polkadot/api/node_modules/@polkadot/util/
	esm 13.5.9	node_modules/@polkadot/rpc-augment/node_modules/@polkadot/util/
	esm 13.5.9	node_modules/@polkadot/keyring/node_modules/@polkadot/util/
	esm 13.5.9	node_modules/@polkadot/util-crypto/node_modules/@polkadot/util/
	esm 12.6.2	node_modules/@polkadot/util/
	esm 13.5.9	node_modules/@polkadot/rpc-provider/node_modules/@polkadot/util/
	esm 13.5.9	node_modules/@polkadot/api-derive/node_modules/@polkadot/util/
	esm 13.5.9	node_modules/@polkadot/rpc-core/node_modules/@polkadot/util/
@polkadot/util has multiple versions, ensure that there is only one installed.
Either remove and explicitly install matching versions or dedupe using your package manager.
The following conflicting packages were found:
	esm 13.5.9	node_modules/@polkadot/api/node_modules/@polkadot/util/
	esm 13.5.9	node_modules/@polkadot/rpc-augment/node_modules/@polkadot/util/
	esm 13.5.9	node_modules/@polkadot/keyring/node_modules/@polkadot/util/
	esm 13.5.9	node_modules/@polkadot/util-crypto/node_modules/@polkadot/util/
	esm 12.6.2	node_modules/@polkadot/util/
	esm 13.5.9	node_modules/@polkadot/rpc-provider/node_modules/@polkadot/util/
	esm 13.5.9	node_modules/@polkadot/api-derive/node_modules/@polkadot/util/
	esm 13.5.9	node_modules/@polkadot/rpc-core/node_modules/@polkadot/util/
	esm 13.5.9	node_modules/@polkadot/types/node_modules/@polkadot/util/
@polkadot/util has multiple versions, ensure that there is only one installed.
Either remove and explicitly install matching versions or dedupe using your package manager.
The following conflicting packages were found:
	esm 13.5.9	node_modules/@polkadot/api/node_modules/@polkadot/util/
	esm 13.5.9	node_modules/@polkadot/rpc-augment/node_modules/@polkadot/util/
	esm 13.5.9	node_modules/@polkadot/keyring/node_modules/@polkadot/util/
	esm 13.5.9	node_modules/@polkadot/util-crypto/node_modules/@polkadot/util/
	esm 12.6.2	node_modules/@polkadot/util/
	esm 13.5.9	node_modules/@polkadot/rpc-provider/node_modules/@polkadot/util/
	esm 13.5.9	node_modules/@polkadot/api-derive/node_modules/@polkadot/util/
	esm 13.5.9	node_modules/@polkadot/rpc-core/node_modules/@polkadot/util/
	esm 13.5.9	node_modules/@polkadot/types/node_modules/@polkadot/util/
	esm 13.5.9	node_modules/@polkadot/types-create/node_modules/@polkadot/util/
@polkadot/util has multiple versions, ensure that there is only one installed.
Either remove and explicitly install matching versions or dedupe using your package manager.
The following conflicting packages were found:
	esm 13.5.9	node_modules/@polkadot/api/node_modules/@polkadot/util/
	esm 13.5.9	node_modules/@polkadot/rpc-augment/node_modules/@polkadot/util/
	esm 13.5.9	node_modules/@polkadot/keyring/node_modules/@polkadot/util/
	esm 13.5.9	node_modules/@polkadot/util-crypto/node_modules/@polkadot/util/
	esm 12.6.2	node_modules/@polkadot/util/
	esm 13.5.9	node_modules/@polkadot/rpc-provider/node_modules/@polkadot/util/
	esm 13.5.9	node_modules/@polkadot/api-derive/node_modules/@polkadot/util/
	esm 13.5.9	node_modules/@polkadot/rpc-core/node_modules/@polkadot/util/
	esm 13.5.9	node_modules/@polkadot/types/node_modules/@polkadot/util/
	esm 13.5.9	node_modules/@polkadot/types-create/node_modules/@polkadot/util/
	esm 13.5.9	node_modules/@polkadot/types-codec/node_modules/@polkadot/util/
@polkadot/util has multiple versions, ensure that there is only one installed.
Either remove and explicitly install matching versions or dedupe using your package manager.
The following conflicting packages were found:
	esm 13.5.9	node_modules/@polkadot/api/node_modules/@polkadot/util/
	esm 13.5.9	node_modules/@polkadot/rpc-augment/node_modules/@polkadot/util/
	esm 13.5.9	node_modules/@polkadot/keyring/node_modules/@polkadot/util/
	esm 13.5.9	node_modules/@polkadot/util-crypto/node_modules/@polkadot/util/
	esm 12.6.2	node_modules/@polkadot/util/
	esm 13.5.9	node_modules/@polkadot/rpc-provider/node_modules/@polkadot/util/
	esm 13.5.9	node_modules/@polkadot/api-derive/node_modules/@polkadot/util/
	esm 13.5.9	node_modules/@polkadot/rpc-core/node_modules/@polkadot/util/
	esm 13.5.9	node_modules/@polkadot/types/node_modules/@polkadot/util/
	esm 13.5.9	node_modules/@polkadot/types-create/node_modules/@polkadot/util/
	esm 13.5.9	node_modules/@polkadot/types-codec/node_modules/@polkadot/util/
	esm 13.5.9	node_modules/@polkadot/types-known/node_modules/@polkadot/util/
(node:1303868) Warning: Setting the NODE_TLS_REJECT_UNAUTHORIZED environment variable to '0' makes TLS connections and HTTPS requests insecure by disabling certificate verification.
(Use `node --trace-warnings ...` to show where the warning was created)
2026-03-13 18:33:28        REGISTRY: Unknown signed extensions WeightReclaim found, treating them as no-effect
2026-03-13 18:33:28        API/INIT: RPC methods not decorated: chainHead_v1_body, chainHead_v1_call, chainHead_v1_continue, chainHead_v1_follow, chainHead_v1_header, chainHead_v1_stopOperation, chainHead_v1_storage, chainHead_v1_unfollow, chainHead_v1_unpin, chainSpec_v1_chainName, chainSpec_v1_genesisHash, chainSpec_v1_properties, offchain_localStorageClear, transactionWatch_v1_submitAndWatch, transactionWatch_v1_unwatch, transaction_v1_broadcast, transaction_v1_stop
2026-03-13 18:33:29        API/INIT: nexus/100: Not decorating unknown runtime apis: 0x2dfcfe1ca20384a8/1, 0x3c2e5e2b51db6dfe/1, 0xccd9de6396c899ca/1, 0xadd50fb6109418ca/1, 0xb98478b655abcc31/1, 0xa087e066c6250113/1, 0xecb84b766bd4252e/1, 0x5992dfbb3766b25c/1, 0xe6ede9b62a34c5d1/1, 0x83ec9bd9d4230ac4/1, 0x8ee413a857a75164/1
2026-03-13 18:33:30             VEC: Unable to decode on index 0 createType(ExtrinsicUnknown):: Unsupported unsigned extrinsic version 5
2026-03-13 18:33:30        RPC-CORE: getBlock(hash?: BlockHash): SignedBlock:: createType(SignedBlock):: Struct: failed on block: {"header":"Header","extrinsics":"Vec<Extrinsic>"}:: Struct: failed on extrinsics: Vec<Extrinsic>:: createType(ExtrinsicUnknown):: Unsupported unsigned extrinsic version 5
2026-03-13 18:33:43             VEC: Unable to decode on index 0 createType(ExtrinsicUnknown):: Unsupported unsigned extrinsic version 5
2026-03-13 18:33:43        RPC-CORE: getBlock(hash?: BlockHash): SignedBlock:: createType(SignedBlock):: Struct: failed on block: {"header":"Header","extrinsics":"Vec<Extrinsic>"}:: Struct: failed on extrinsics: Vec<Extrinsic>:: createType(ExtrinsicUnknown):: Unsupported unsigned extrinsic version 5
2026-03-13 18:33:48             VEC: Unable to decode on index 0 createType(ExtrinsicUnknown):: Unsupported unsigned extrinsic version 5
2026-03-13 18:33:48        RPC-CORE: getBlock(hash?: BlockHash): SignedBlock:: createType(SignedBlock):: Struct: failed on block: {"header":"Header","extrinsics":"Vec<Extrinsic>"}:: Struct: failed on extrinsics: Vec<Extrinsic>:: createType(ExtrinsicUnknown):: Unsupported unsigned extrinsic version 5
2026-03-13 18:34:00             VEC: Unable to decode on index 0 createType(ExtrinsicUnknown):: Unsupported unsigned extrinsic version 5
2026-03-13 18:34:01        RPC-CORE: getBlock(hash?: BlockHash): SignedBlock:: createType(SignedBlock):: Struct: failed on block: {"header":"Header","extrinsics":"Vec<Extrinsic>"}:: Struct: failed on extrinsics: Vec<Extrinsic>:: createType(ExtrinsicUnknown):: Unsupported unsigned extrinsic version 5
2026-03-13 18:34:06             VEC: Unable to decode on index 0 createType(ExtrinsicUnknown):: Unsupported unsigned extrinsic version 5
2026-03-13 18:34:06        RPC-CORE: getBlock(hash?: BlockHash): SignedBlock:: createType(SignedBlock):: Struct: failed on block: {"header":"Header","extrinsics":"Vec<Extrinsic>"}:: Struct: failed on extrinsics: Vec<Extrinsic>:: createType(ExtrinsicUnknown):: Unsupported unsigned extrinsic version 5
2026-03-13 18:34:19             VEC: Unable to decode on index 0 createType(ExtrinsicUnknown):: Unsupported unsigned extrinsic version 5
2026-03-13 18:34:19        RPC-CORE: getBlock(hash?: BlockHash): SignedBlock:: createType(SignedBlock):: Struct: failed on block: {"header":"Header","extrinsics":"Vec<Extrinsic>"}:: Struct: failed on extrinsics: Vec<Extrinsic>:: createType(ExtrinsicUnknown):: Unsupported unsigned extrinsic version 5
2026-03-13 18:34:24             VEC: Unable to decode on index 0 createType(ExtrinsicUnknown):: Unsupported unsigned extrinsic version 5
2026-03-13 18:34:24        RPC-CORE: getBlock(hash?: BlockHash): SignedBlock:: createType(SignedBlock):: Struct: failed on block: {"header":"Header","extrinsics":"Vec<Extrinsic>"}:: Struct: failed on extrinsics: Vec<Extrinsic>:: createType(ExtrinsicUnknown):: Unsupported unsigned extrinsic version 5
2026-03-13 18:34:37             VEC: Unable to decode on index 0 createType(ExtrinsicUnknown):: Unsupported unsigned extrinsic version 5
2026-03-13 18:34:37        RPC-CORE: getBlock(hash?: BlockHash): SignedBlock:: createType(SignedBlock):: Struct: failed on block: {"header":"Header","extrinsics":"Vec<Extrinsic>"}:: Struct: failed on extrinsics: Vec<Extrinsic>:: createType(ExtrinsicUnknown):: Unsupported unsigned extrinsic version 5
2026-03-13 18:34:42             VEC: Unable to decode on index 0 createType(ExtrinsicUnknown):: Unsupported unsigned extrinsic version 5
2026-03-13 18:34:42        RPC-CORE: getBlock(hash?: BlockHash): SignedBlock:: createType(SignedBlock):: Struct: failed on block: {"header":"Header","extrinsics":"Vec<Extrinsic>"}:: Struct: failed on extrinsics: Vec<Extrinsic>:: createType(ExtrinsicUnknown):: Unsupported unsigned extrinsic version 5
2026-03-13 18:34:55             VEC: Unable to decode on index 0 createType(ExtrinsicUnknown):: Unsupported unsigned extrinsic version 5
2026-03-13 18:34:55        RPC-CORE: getBlock(hash?: BlockHash): SignedBlock:: createType(SignedBlock):: Struct: failed on block: {"header":"Header","extrinsics":"Vec<Extrinsic>"}:: Struct: failed on extrinsics: Vec<Extrinsic>:: createType(ExtrinsicUnknown):: Unsupported unsigned extrinsic version 5
2026-03-13 18:35:00             VEC: Unable to decode on index 0 createType(ExtrinsicUnknown):: Unsupported unsigned extrinsic version 5
2026-03-13 18:35:00        RPC-CORE: getBlock(hash?: BlockHash): SignedBlock:: createType(SignedBlock):: Struct: failed on block: {"header":"Header","extrinsics":"Vec<Extrinsic>"}:: Struct: failed on extrinsics: Vec<Extrinsic>:: createType(ExtrinsicUnknown):: Unsupported unsigned extrinsic version 5
2026-03-13 18:35:13             VEC: Unable to decode on index 0 createType(ExtrinsicUnknown):: Unsupported unsigned extrinsic version 5
2026-03-13 18:35:13        RPC-CORE: getBlock(hash?: BlockHash): SignedBlock:: createType(SignedBlock):: Struct: failed on block: {"header":"Header","extrinsics":"Vec<Extrinsic>"}:: Struct: failed on extrinsics: Vec<Extrinsic>:: createType(ExtrinsicUnknown):: Unsupported unsigned extrinsic version 5
2026-03-13 18:35:18             VEC: Unable to decode on index 0 createType(ExtrinsicUnknown):: Unsupported unsigned extrinsic version 5
2026-03-13 18:35:18        RPC-CORE: getBlock(hash?: BlockHash): SignedBlock:: createType(SignedBlock):: Struct: failed on block: {"header":"Header","extrinsics":"Vec<Extrinsic>"}:: Struct: failed on extrinsics: Vec<Extrinsic>:: createType(ExtrinsicUnknown):: Unsupported unsigned extrinsic version 5
2026-03-13 18:35:31             VEC: Unable to decode on index 0 createType(ExtrinsicUnknown):: Unsupported unsigned extrinsic version 5
2026-03-13 18:35:31        RPC-CORE: getBlock(hash?: BlockHash): SignedBlock:: createType(SignedBlock):: Struct: failed on block: {"header":"Header","extrinsics":"Vec<Extrinsic>"}:: Struct: failed on extrinsics: Vec<Extrinsic>:: createType(ExtrinsicUnknown):: Unsupported unsigned extrinsic version 5
2026-03-13 18:35:36             VEC: Unable to decode on index 0 createType(ExtrinsicUnknown):: Unsupported unsigned extrinsic version 5
2026-03-13 18:35:36        RPC-CORE: getBlock(hash?: BlockHash): SignedBlock:: createType(SignedBlock):: Struct: failed on block: {"header":"Header","extrinsics":"Vec<Extrinsic>"}:: Struct: failed on extrinsics: Vec<Extrinsic>:: createType(ExtrinsicUnknown):: Unsupported unsigned extrinsic version 5
2026-03-13 18:35:49             VEC: Unable to decode on index 0 createType(ExtrinsicUnknown):: Unsupported unsigned extrinsic version 5
2026-03-13 18:35:49        RPC-CORE: getBlock(hash?: BlockHash): SignedBlock:: createType(SignedBlock):: Struct: failed on block: {"header":"Header","extrinsics":"Vec<Extrinsic>"}:: Struct: failed on extrinsics: Vec<Extrinsic>:: createType(ExtrinsicUnknown):: Unsupported unsigned extrinsic version 5
2026-03-13 18:35:54             VEC: Unable to decode on index 0 createType(ExtrinsicUnknown):: Unsupported unsigned extrinsic version 5
2026-03-13 18:35:54        RPC-CORE: getBlock(hash?: BlockHash): SignedBlock:: createType(SignedBlock):: Struct: failed on block: {"header":"Header","extrinsics":"Vec<Extrinsic>"}:: Struct: failed on extrinsics: Vec<Extrinsic>:: createType(ExtrinsicUnknown):: Unsupported unsigned extrinsic version 5
2026-03-13 18:36:07             VEC: Unable to decode on index 0 createType(ExtrinsicUnknown):: Unsupported unsigned extrinsic version 5
2026-03-13 18:36:07        RPC-CORE: getBlock(hash?: BlockHash): SignedBlock:: createType(SignedBlock):: Struct: failed on block: {"header":"Header","extrinsics":"Vec<Extrinsic>"}:: Struct: failed on extrinsics: Vec<Extrinsic>:: createType(ExtrinsicUnknown):: Unsupported unsigned extrinsic version 5
2026-03-13 18:36:12             VEC: Unable to decode on index 0 createType(ExtrinsicUnknown):: Unsupported unsigned extrinsic version 5
2026-03-13 18:36:12        RPC-CORE: getBlock(hash?: BlockHash): SignedBlock:: createType(SignedBlock):: Struct: failed on block: {"header":"Header","extrinsics":"Vec<Extrinsic>"}:: Struct: failed on extrinsics: Vec<Extrinsic>:: createType(ExtrinsicUnknown):: Unsupported unsigned extrinsic version 5
2026-03-13 18:36:25             VEC: Unable to decode on index 0 createType(ExtrinsicUnknown):: Unsupported unsigned extrinsic version 5
2026-03-13 18:36:25        RPC-CORE: getBlock(hash?: BlockHash): SignedBlock:: createType(SignedBlock):: Struct: failed on block: {"header":"Header","extrinsics":"Vec<Extrinsic>"}:: Struct: failed on extrinsics: Vec<Extrinsic>:: createType(ExtrinsicUnknown):: Unsupported unsigned extrinsic version 5
2026-03-13 18:36:30             VEC: Unable to decode on index 0 createType(ExtrinsicUnknown):: Unsupported unsigned extrinsic version 5
2026-03-13 18:36:30        RPC-CORE: getBlock(hash?: BlockHash): SignedBlock:: createType(SignedBlock):: Struct: failed on block: {"header":"Header","extrinsics":"Vec<Extrinsic>"}:: Struct: failed on extrinsics: Vec<Extrinsic>:: createType(ExtrinsicUnknown):: Unsupported unsigned extrinsic version 5
2026-03-13 18:36:43             VEC: Unable to decode on index 0 createType(ExtrinsicUnknown):: Unsupported unsigned extrinsic version 5
2026-03-13 18:36:43        RPC-CORE: getBlock(hash?: BlockHash): SignedBlock:: createType(SignedBlock):: Struct: failed on block: {"header":"Header","extrinsics":"Vec<Extrinsic>"}:: Struct: failed on extrinsics: Vec<Extrinsic>:: createType(ExtrinsicUnknown):: Unsupported unsigned extrinsic version 5
2026-03-13 18:36:48             VEC: Unable to decode on index 0 createType(ExtrinsicUnknown):: Unsupported unsigned extrinsic version 5
2026-03-13 18:36:48        RPC-CORE: getBlock(hash?: BlockHash): SignedBlock:: createType(SignedBlock):: Struct: failed on block: {"header":"Header","extrinsics":"Vec<Extrinsic>"}:: Struct: failed on extrinsics: Vec<Extrinsic>:: createType(ExtrinsicUnknown):: Unsupported unsigned extrinsic version 5
2026-03-13 18:37:01             VEC: Unable to decode on index 0 createType(ExtrinsicUnknown):: Unsupported unsigned extrinsic version 5
2026-03-13 18:37:01        RPC-CORE: getBlock(hash?: BlockHash): SignedBlock:: createType(SignedBlock):: Struct: failed on block: {"header":"Header","extrinsics":"Vec<Extrinsic>"}:: Struct: failed on extrinsics: Vec<Extrinsic>:: createType(ExtrinsicUnknown):: Unsupported unsigned extrinsic version 5
2026-03-13 18:37:06             VEC: Unable to decode on index 0 createType(ExtrinsicUnknown):: Unsupported unsigned extrinsic version 5
2026-03-13 18:37:06        RPC-CORE: getBlock(hash?: BlockHash): SignedBlock:: createType(SignedBlock):: Struct: failed on block: {"header":"Header","extrinsics":"Vec<Extrinsic>"}:: Struct: failed on extrinsics: Vec<Extrinsic>:: createType(ExtrinsicUnknown):: Unsupported unsigned extrinsic version 5
2026-03-13 18:37:19             VEC: Unable to decode on index 0 createType(ExtrinsicUnknown):: Unsupported unsigned extrinsic version 5
2026-03-13 18:37:19        RPC-CORE: getBlock(hash?: BlockHash): SignedBlock:: createType(SignedBlock):: Struct: failed on block: {"header":"Header","extrinsics":"Vec<Extrinsic>"}:: Struct: failed on extrinsics: Vec<Extrinsic>:: createType(ExtrinsicUnknown):: Unsupported unsigned extrinsic version 5
2026-03-13 18:37:24             VEC: Unable to decode on index 0 createType(ExtrinsicUnknown):: Unsupported unsigned extrinsic version 5
2026-03-13 18:37:24        RPC-CORE: getBlock(hash?: BlockHash): SignedBlock:: createType(SignedBlock):: Struct: failed on block: {"header":"Header","extrinsics":"Vec<Extrinsic>"}:: Struct: failed on extrinsics: Vec<Extrinsic>:: createType(ExtrinsicUnknown):: Unsupported unsigned extrinsic version 5
2026-03-13 18:37:37             VEC: Unable to decode on index 0 createType(ExtrinsicUnknown):: Unsupported unsigned extrinsic version 5
2026-03-13 18:37:37        RPC-CORE: getBlock(hash?: BlockHash): SignedBlock:: createType(SignedBlock):: Struct: failed on block: {"header":"Header","extrinsics":"Vec<Extrinsic>"}:: Struct: failed on extrinsics: Vec<Extrinsic>:: createType(ExtrinsicUnknown):: Unsupported unsigned extrinsic version 5
2026-03-13 18:37:42             VEC: Unable to decode on index 0 createType(ExtrinsicUnknown):: Unsupported unsigned extrinsic version 5
2026-03-13 18:37:42        RPC-CORE: getBlock(hash?: BlockHash): SignedBlock:: createType(SignedBlock):: Struct: failed on block: {"header":"Header","extrinsics":"Vec<Extrinsic>"}:: Struct: failed on extrinsics: Vec<Extrinsic>:: createType(ExtrinsicUnknown):: Unsupported unsigned extrinsic version 5
2026-03-13 18:37:55             VEC: Unable to decode on index 0 createType(ExtrinsicUnknown):: Unsupported unsigned extrinsic version 5
2026-03-13 18:37:55        RPC-CORE: getBlock(hash?: BlockHash): SignedBlock:: createType(SignedBlock):: Struct: failed on block: {"header":"Header","extrinsics":"Vec<Extrinsic>"}:: Struct: failed on extrinsics: Vec<Extrinsic>:: createType(ExtrinsicUnknown):: Unsupported unsigned extrinsic version 5
2026-03-13 18:38:00             VEC: Unable to decode on index 0 createType(ExtrinsicUnknown):: Unsupported unsigned extrinsic version 5
2026-03-13 18:38:00        RPC-CORE: getBlock(hash?: BlockHash): SignedBlock:: createType(SignedBlock):: Struct: failed on block: {"header":"Header","extrinsics":"Vec<Extrinsic>"}:: Struct: failed on extrinsics: Vec<Extrinsic>:: createType(ExtrinsicUnknown):: Unsupported unsigned extrinsic version 5
2026-03-13 18:38:13             VEC: Unable to decode on index 0 createType(ExtrinsicUnknown):: Unsupported unsigned extrinsic version 5
2026-03-13 18:38:13        RPC-CORE: getBlock(hash?: BlockHash): SignedBlock:: createType(SignedBlock):: Struct: failed on block: {"header":"Header","extrinsics":"Vec<Extrinsic>"}:: Struct: failed on extrinsics: Vec<Extrinsic>:: createType(ExtrinsicUnknown):: Unsupported unsigned extrinsic version 5
2026-03-13 18:38:18             VEC: Unable to decode on index 0 createType(ExtrinsicUnknown):: Unsupported unsigned extrinsic version 5
2026-03-13 18:38:18        RPC-CORE: getBlock(hash?: BlockHash): SignedBlock:: createType(SignedBlock):: Struct: failed on block: {"header":"Header","extrinsics":"Vec<Extrinsic>"}:: Struct: failed on extrinsics: Vec<Extrinsic>:: createType(ExtrinsicUnknown):: Unsupported unsigned extrinsic version 5
2026-03-13 18:38:31             VEC: Unable to decode on index 0 createType(ExtrinsicUnknown):: Unsupported unsigned extrinsic version 5
2026-03-13 18:38:31        RPC-CORE: getBlock(hash?: BlockHash): SignedBlock:: createType(SignedBlock):: Struct: failed on block: {"header":"Header","extrinsics":"Vec<Extrinsic>"}:: Struct: failed on extrinsics: Vec<Extrinsic>:: createType(ExtrinsicUnknown):: Unsupported unsigned extrinsic version 5
2026-03-13 18:38:36             VEC: Unable to decode on index 0 createType(ExtrinsicUnknown):: Unsupported unsigned extrinsic version 5
2026-03-13 18:38:36        RPC-CORE: getBlock(hash?: BlockHash): SignedBlock:: createType(SignedBlock):: Struct: failed on block: {"header":"Header","extrinsics":"Vec<Extrinsic>"}:: Struct: failed on extrinsics: Vec<Extrinsic>:: createType(ExtrinsicUnknown):: Unsupported unsigned extrinsic version 5
2026-03-13 18:38:49             VEC: Unable to decode on index 0 createType(ExtrinsicUnknown):: Unsupported unsigned extrinsic version 5
2026-03-13 18:38:49        RPC-CORE: getBlock(hash?: BlockHash): SignedBlock:: createType(SignedBlock):: Struct: failed on block: {"header":"Header","extrinsics":"Vec<Extrinsic>"}:: Struct: failed on extrinsics: Vec<Extrinsic>:: createType(ExtrinsicUnknown):: Unsupported unsigned extrinsic version 5
2026-03-13 18:38:54             VEC: Unable to decode on index 0 createType(ExtrinsicUnknown):: Unsupported unsigned extrinsic version 5
2026-03-13 18:38:54        RPC-CORE: getBlock(hash?: BlockHash): SignedBlock:: createType(SignedBlock):: Struct: failed on block: {"header":"Header","extrinsics":"Vec<Extrinsic>"}:: Struct: failed on extrinsics: Vec<Extrinsic>:: createType(ExtrinsicUnknown):: Unsupported unsigned extrinsic version 5
2026-03-13 18:39:07             VEC: Unable to decode on index 0 createType(ExtrinsicUnknown):: Unsupported unsigned extrinsic version 5
2026-03-13 18:39:07        RPC-CORE: getBlock(hash?: BlockHash): SignedBlock:: createType(SignedBlock):: Struct: failed on block: {"header":"Header","extrinsics":"Vec<Extrinsic>"}:: Struct: failed on extrinsics: Vec<Extrinsic>:: createType(ExtrinsicUnknown):: Unsupported unsigned extrinsic version 5
2026-03-13 18:39:12             VEC: Unable to decode on index 0 createType(ExtrinsicUnknown):: Unsupported unsigned extrinsic version 5
2026-03-13 18:39:12        RPC-CORE: getBlock(hash?: BlockHash): SignedBlock:: createType(SignedBlock):: Struct: failed on block: {"header":"Header","extrinsics":"Vec<Extrinsic>"}:: Struct: failed on extrinsics: Vec<Extrinsic>:: createType(ExtrinsicUnknown):: Unsupported unsigned extrinsic version 5
2026-03-13 18:39:25             VEC: Unable to decode on index 0 createType(ExtrinsicUnknown):: Unsupported unsigned extrinsic version 5
2026-03-13 18:39:25        RPC-CORE: getBlock(hash?: BlockHash): SignedBlock:: createType(SignedBlock):: Struct: failed on block: {"header":"Header","extrinsics":"Vec<Extrinsic>"}:: Struct: failed on extrinsics: Vec<Extrinsic>:: createType(ExtrinsicUnknown):: Unsupported unsigned extrinsic version 5
2026-03-13 18:39:30             VEC: Unable to decode on index 0 createType(ExtrinsicUnknown):: Unsupported unsigned extrinsic version 5
2026-03-13 18:39:30        RPC-CORE: getBlock(hash?: BlockHash): SignedBlock:: createType(SignedBlock):: Struct: failed on block: {"header":"Header","extrinsics":"Vec<Extrinsic>"}:: Struct: failed on extrinsics: Vec<Extrinsic>:: createType(ExtrinsicUnknown):: Unsupported unsigned extrinsic version 5
2026-03-13 18:39:43             VEC: Unable to decode on index 0 createType(ExtrinsicUnknown):: Unsupported unsigned extrinsic version 5
2026-03-13 18:39:43        RPC-CORE: getBlock(hash?: BlockHash): SignedBlock:: createType(SignedBlock):: Struct: failed on block: {"header":"Header","extrinsics":"Vec<Extrinsic>"}:: Struct: failed on extrinsics: Vec<Extrinsic>:: createType(ExtrinsicUnknown):: Unsupported unsigned extrinsic version 5
2026-03-13 18:39:48             VEC: Unable to decode on index 0 createType(ExtrinsicUnknown):: Unsupported unsigned extrinsic version 5
2026-03-13 18:39:48        RPC-CORE: getBlock(hash?: BlockHash): SignedBlock:: createType(SignedBlock):: Struct: failed on block: {"header":"Header","extrinsics":"Vec<Extrinsic>"}:: Struct: failed on extrinsics: Vec<Extrinsic>:: createType(ExtrinsicUnknown):: Unsupported unsigned extrinsic version 5
2026-03-13 18:40:01             VEC: Unable to decode on index 0 createType(ExtrinsicUnknown):: Unsupported unsigned extrinsic version 5
2026-03-13 18:40:01        RPC-CORE: getBlock(hash?: BlockHash): SignedBlock:: createType(SignedBlock):: Struct: failed on block: {"header":"Header","extrinsics":"Vec<Extrinsic>"}:: Struct: failed on extrinsics: Vec<Extrinsic>:: createType(ExtrinsicUnknown):: Unsupported unsigned extrinsic version 5
2026-03-13 18:40:06             VEC: Unable to decode on index 0 createType(ExtrinsicUnknown):: Unsupported unsigned extrinsic version 5
2026-03-13 18:40:06        RPC-CORE: getBlock(hash?: BlockHash): SignedBlock:: createType(SignedBlock):: Struct: failed on block: {"header":"Header","extrinsics":"Vec<Extrinsic>"}:: Struct: failed on extrinsics: Vec<Extrinsic>:: createType(ExtrinsicUnknown):: Unsupported unsigned extrinsic version 5
2026-03-13 18:40:18             VEC: Unable to decode on index 0 createType(ExtrinsicUnknown):: Unsupported unsigned extrinsic version 5
2026-03-13 18:40:18        RPC-CORE: getBlock(hash?: BlockHash): SignedBlock:: createType(SignedBlock):: Struct: failed on block: {"header":"Header","extrinsics":"Vec<Extrinsic>"}:: Struct: failed on extrinsics: Vec<Extrinsic>:: createType(ExtrinsicUnknown):: Unsupported unsigned extrinsic version 5
2026-03-13 18:40:24             VEC: Unable to decode on index 0 createType(ExtrinsicUnknown):: Unsupported unsigned extrinsic version 5
2026-03-13 18:40:24        RPC-CORE: getBlock(hash?: BlockHash): SignedBlock:: createType(SignedBlock):: Struct: failed on block: {"header":"Header","extrinsics":"Vec<Extrinsic>"}:: Struct: failed on extrinsics: Vec<Extrinsic>:: createType(ExtrinsicUnknown):: Unsupported unsigned extrinsic version 5
2026-03-13 18:40:37             VEC: Unable to decode on index 0 createType(ExtrinsicUnknown):: Unsupported unsigned extrinsic version 5
2026-03-13 18:40:37        RPC-CORE: getBlock(hash?: BlockHash): SignedBlock:: createType(SignedBlock):: Struct: failed on block: {"header":"Header","extrinsics":"Vec<Extrinsic>"}:: Struct: failed on extrinsics: Vec<Extrinsic>:: createType(ExtrinsicUnknown):: Unsupported unsigned extrinsic version 5
2026-03-13 18:40:42             VEC: Unable to decode on index 0 createType(ExtrinsicUnknown):: Unsupported unsigned extrinsic version 5
2026-03-13 18:40:42        RPC-CORE: getBlock(hash?: BlockHash): SignedBlock:: createType(SignedBlock):: Struct: failed on block: {"header":"Header","extrinsics":"Vec<Extrinsic>"}:: Struct: failed on extrinsics: Vec<Extrinsic>:: createType(ExtrinsicUnknown):: Unsupported unsigned extrinsic version 5
2026-03-13 18:40:54             VEC: Unable to decode on index 0 createType(ExtrinsicUnknown):: Unsupported unsigned extrinsic version 5
2026-03-13 18:40:54        RPC-CORE: getBlock(hash?: BlockHash): SignedBlock:: createType(SignedBlock):: Struct: failed on block: {"header":"Header","extrinsics":"Vec<Extrinsic>"}:: Struct: failed on extrinsics: Vec<Extrinsic>:: createType(ExtrinsicUnknown):: Unsupported unsigned extrinsic version 5
2026-03-13 18:41:00             VEC: Unable to decode on index 0 createType(ExtrinsicUnknown):: Unsupported unsigned extrinsic version 5
2026-03-13 18:41:00        RPC-CORE: getBlock(hash?: BlockHash): SignedBlock:: createType(SignedBlock):: Struct: failed on block: {"header":"Header","extrinsics":"Vec<Extrinsic>"}:: Struct: failed on extrinsics: Vec<Extrinsic>:: createType(ExtrinsicUnknown):: Unsupported unsigned extrinsic version 5
2026-03-13 18:41:13             VEC: Unable to decode on index 0 createType(ExtrinsicUnknown):: Unsupported unsigned extrinsic version 5
2026-03-13 18:41:13        RPC-CORE: getBlock(hash?: BlockHash): SignedBlock:: createType(SignedBlock):: Struct: failed on block: {"header":"Header","extrinsics":"Vec<Extrinsic>"}:: Struct: failed on extrinsics: Vec<Extrinsic>:: createType(ExtrinsicUnknown):: Unsupported unsigned extrinsic version 5
2026-03-13 18:41:18             VEC: Unable to decode on index 0 createType(ExtrinsicUnknown):: Unsupported unsigned extrinsic version 5
2026-03-13 18:41:18        RPC-CORE: getBlock(hash?: BlockHash): SignedBlock:: createType(SignedBlock):: Struct: failed on block: {"header":"Header","extrinsics":"Vec<Extrinsic>"}:: Struct: failed on extrinsics: Vec<Extrinsic>:: createType(ExtrinsicUnknown):: Unsupported unsigned extrinsic version 5
2026-03-13 18:41:30             VEC: Unable to decode on index 0 createType(ExtrinsicUnknown):: Unsupported unsigned extrinsic version 5
2026-03-13 18:41:30        RPC-CORE: getBlock(hash?: BlockHash): SignedBlock:: createType(SignedBlock):: Struct: failed on block: {"header":"Header","extrinsics":"Vec<Extrinsic>"}:: Struct: failed on extrinsics: Vec<Extrinsic>:: createType(ExtrinsicUnknown):: Unsupported unsigned extrinsic version 5
